main.c:78:5:main	16	static
main.c:137:6:SystemClock_Config	88	static
main.c:176:13:MX_CAN1_Init	8	static
main.c:213:13:MX_TIM2_Init	32	static
main.c:258:13:MX_UART4_Init	8	static
main.c:291:13:MX_GPIO_Init	48	static
main.c:334:6:LED_Manage_Output	16	static
main.c:377:6:Send_Response	40	static
main.c:393:6:can1_filter_config	48	static
main.c:413:6:can1_tx	40	static
main.c:453:6:can1_rx	96	static
main.c:478:6:HAL_CAN_TxMailbox0CompleteCallback	80	static
main.c:485:6:HAL_CAN_TxMailbox1CompleteCallback	80	static
main.c:492:6:HAL_CAN_TxMailbox2CompleteCallback	80	static
main.c:498:6:HAL_CAN_RxFifo0MsgPendingCallback	104	static
main.c:548:6:HAL_CAN_ErrorCallback	80	static
main.c:556:6:HAL_TIM_PeriodElapsedCallback	16	static
main.c:593:6:Error_Handler	4	static
