main.c:73:5:main	8	static
main.c:131:6:SystemClock_Config	88	static
main.c:167:13:MX_CAN1_Init	8	static
main.c:202:13:MX_UART4_Init	8	static
main.c:233:13:MX_GPIO_Init	16	static
main.c:241:6:can1_filter_config	48	static
main.c:259:6:can1_tx	48	static
main.c:291:6:can1_rx	96	static
main.c:316:6:HAL_CAN_TxMailbox0CompleteCallback	80	static
main.c:323:6:HAL_CAN_TxMailbox1CompleteCallback	80	static
main.c:330:6:HAL_CAN_TxMailbox2CompleteCallback	80	static
main.c:337:6:HAL_CAN_RxFifo0MsgPendingCallback	104	static
main.c:360:6:HAL_CAN_ErrorCallback	80	static
main.c:374:6:Error_Handler	4	static
